https://gv.erinome.net/duels/log/001gcj99f
https://gv.erinome.net/duels/log/07jk2jdpq
https://gv.erinome.net/duels/log/08263m8f6
https://gv.erinome.net/duels/log/0amta10sp
https://gv.erinome.net/duels/log/0f3dc5ljg
https://gv.erinome.net/duels/log/0whq02fwc
https://gv.erinome.net/duels/log/0xrszpgzj
https://gv.erinome.net/duels/log/14nyesld5
https://gv.erinome.net/duels/log/161e1rug1
https://gv.erinome.net/duels/log/1qs9eylen
https://gv.erinome.net/duels/log/1ststka5z
https://gv.erinome.net/duels/log/247e7lkek
https://gv.erinome.net/duels/log/24dah81xc
https://gv.erinome.net/duels/log/25un5dqgj
https://gv.erinome.net/duels/log/2gr74ptl7
https://gv.erinome.net/duels/log/2h4pt1kle
https://gv.erinome.net/duels/log/2hxwrq0ux
https://gv.erinome.net/duels/log/2jm2nrjlr
https://gv.erinome.net/duels/log/2k6tlszg5
https://gv.erinome.net/duels/log/2l673d6cr
https://gv.erinome.net/duels/log/2nm6tx0ah
https://gv.erinome.net/duels/log/2sazfh5dp
https://gv.erinome.net/duels/log/2zpct1pj9
https://gv.erinome.net/duels/log/33a2pj7jq
https://gv.erinome.net/duels/log/3918q3s7u
https://gv.erinome.net/duels/log/3aqjs3pk1
https://gv.erinome.net/duels/log/3mdbwzn1q
https://gv.erinome.net/duels/log/3pd4bpwhq
https://gv.erinome.net/duels/log/47ffhj4xn
https://gv.erinome.net/duels/log/47fpujuzd
https://gv.erinome.net/duels/log/4a8fk8ejk
https://gv.erinome.net/duels/log/4c1s321ms
https://gv.erinome.net/duels/log/4w07myp83
https://gv.erinome.net/duels/log/4x29sc7kc
https://gv.erinome.net/duels/log/51wp0j85b
https://gv.erinome.net/duels/log/51x8xajy0
https://gv.erinome.net/duels/log/5afpjlujt
https://gv.erinome.net/duels/log/5f6qawtlm
https://gv.erinome.net/duels/log/5ljx99z68
https://gv.erinome.net/duels/log/5p09my1h6
https://gv.erinome.net/duels/log/5pglq4zqx
https://gv.erinome.net/duels/log/6dtltzs16
https://gv.erinome.net/duels/log/718y5lh5y
https://gv.erinome.net/duels/log/75uxwqwkp
https://gv.erinome.net/duels/log/76xmann37
https://gv.erinome.net/duels/log/7jhqjcp4k
https://gv.erinome.net/duels/log/7klunz2ut
https://gv.erinome.net/duels/log/7tnkeu9t5
https://gv.erinome.net/duels/log/86xm5x88g
https://gv.erinome.net/duels/log/8b4t571z9
https://gv.erinome.net/duels/log/8rd7z63wt
https://gv.erinome.net/duels/log/9ghe8sj44
https://gv.erinome.net/duels/log/9zyfl27m4
https://gv.erinome.net/duels/log/apclwpw6h
https://gv.erinome.net/duels/log/bcg8s4ktu
https://gv.erinome.net/duels/log/bm33kbf9z
https://gv.erinome.net/duels/log/bzzd38jew
https://gv.erinome.net/duels/log/cqbu2auqw
https://gv.erinome.net/duels/log/cw9jb33hp
https://gv.erinome.net/duels/log/d5n13r3nc
https://gv.erinome.net/duels/log/dl49gqxck
https://gv.erinome.net/duels/log/e183mbz38
https://gv.erinome.net/duels/log/e2geyhwr6
https://gv.erinome.net/duels/log/e5gqnl9cf
https://gv.erinome.net/duels/log/eabwpjufg
https://gv.erinome.net/duels/log/ehd2kuls6
https://gv.erinome.net/duels/log/ep2tzr4nr
https://gv.erinome.net/duels/log/epl2kx1nr
https://gv.erinome.net/duels/log/f3suw1xub
https://gv.erinome.net/duels/log/ffb2lzs57
https://gv.erinome.net/duels/log/ffd4gyqu7
https://gv.erinome.net/duels/log/fwzffza9h
https://gv.erinome.net/duels/log/fxwhkaxtf
https://gv.erinome.net/duels/log/g5p54s436
https://gv.erinome.net/duels/log/gjlc92ch9
https://gv.erinome.net/duels/log/gmt52unlw
https://gv.erinome.net/duels/log/gpk4j6abt
https://gv.erinome.net/duels/log/h5thnnb3y
https://gv.erinome.net/duels/log/hadlc3465
https://gv.erinome.net/duels/log/hd15q7t98
https://gv.erinome.net/duels/log/hl4gh2cpa
https://gv.erinome.net/duels/log/hqqfqen8r
https://gv.erinome.net/duels/log/hwz7uzsmg
https://gv.erinome.net/duels/log/hykukwufw
https://gv.erinome.net/duels/log/j2pzas0rf
https://gv.erinome.net/duels/log/j5t4hergc
https://gv.erinome.net/duels/log/jdxn1antk
https://gv.erinome.net/duels/log/k2rukzzdh
https://gv.erinome.net/duels/log/k2y8mlm05
https://gv.erinome.net/duels/log/ka3sb5j3d
https://gv.erinome.net/duels/log/kcqpxtdwt
https://gv.erinome.net/duels/log/kdrbw6t1k
https://gv.erinome.net/duels/log/kglqfqazk
https://gv.erinome.net/duels/log/kjk89a9zg
https://gv.erinome.net/duels/log/kkjnd2xl1
https://gv.erinome.net/duels/log/kp3pg9pne
https://gv.erinome.net/duels/log/kq4zq2trt
https://gv.erinome.net/duels/log/l4c8cygnh
https://gv.erinome.net/duels/log/l61kr8gd0
https://gv.erinome.net/duels/log/lggcbg0ml
https://gv.erinome.net/duels/log/lka0t1cqq
https://gv.erinome.net/duels/log/lmtrl5lhs
https://gv.erinome.net/duels/log/lwtp5r0qr
https://gv.erinome.net/duels/log/lxbr7ma13
https://gv.erinome.net/duels/log/ly58d416b
https://gv.erinome.net/duels/log/m2kn0dqtk
https://gv.erinome.net/duels/log/m8qp5ffxu
https://gv.erinome.net/duels/log/magepza50
https://gv.erinome.net/duels/log/mcewtus37
https://gv.erinome.net/duels/log/mfu9upqk3
https://gv.erinome.net/duels/log/n3xrf2c0l
https://gv.erinome.net/duels/log/n85c5rqbl
https://gv.erinome.net/duels/log/nblem6nxx
https://gv.erinome.net/duels/log/nq0atdz52
https://gv.erinome.net/duels/log/nys4cfktl
https://gv.erinome.net/duels/log/p4rcgp6q9
https://gv.erinome.net/duels/log/p86bkcygy
https://gv.erinome.net/duels/log/pcb4gygk9
https://gv.erinome.net/duels/log/pghtu8e7b
https://gv.erinome.net/duels/log/pz073y513
https://gv.erinome.net/duels/log/q1t92u7ew
https://gv.erinome.net/duels/log/q6epqfn1d
https://gv.erinome.net/duels/log/qda3cpbj7
https://gv.erinome.net/duels/log/qhqgcl57q
https://gv.erinome.net/duels/log/qme3djql7
https://gv.erinome.net/duels/log/r2scem8up
https://gv.erinome.net/duels/log/r8r0qde2h
https://gv.erinome.net/duels/log/rdxmuwrmq
https://gv.erinome.net/duels/log/ref572gn2
https://gv.erinome.net/duels/log/rfn8xcqzg
https://gv.erinome.net/duels/log/rktlryd5x
https://gv.erinome.net/duels/log/rnu961tfh
https://gv.erinome.net/duels/log/rrbq7j3gc
https://gv.erinome.net/duels/log/rwfmg8gb8
https://gv.erinome.net/duels/log/s215gj8k2
https://gv.erinome.net/duels/log/s2td203m6
https://gv.erinome.net/duels/log/s41fk3kza
https://gv.erinome.net/duels/log/s85rlmnxg
https://gv.erinome.net/duels/log/sa43fsfdl
https://gv.erinome.net/duels/log/shalxbx7u
https://gv.erinome.net/duels/log/ssn3au69k
https://gv.erinome.net/duels/log/t7glsh1zy
https://gv.erinome.net/duels/log/t804u2mdj
https://gv.erinome.net/duels/log/tcw1xwyts
https://gv.erinome.net/duels/log/tdng0dmqj
https://gv.erinome.net/duels/log/tllmqdmur
https://gv.erinome.net/duels/log/ty0msxxj8
https://gv.erinome.net/duels/log/u2xu19lhw
https://gv.erinome.net/duels/log/u8xt3xn0p
https://gv.erinome.net/duels/log/u916pa5r8
https://gv.erinome.net/duels/log/u9rx57p9q
https://gv.erinome.net/duels/log/ul0848pm0
https://gv.erinome.net/duels/log/uwhy3upww
https://gv.erinome.net/duels/log/w5y6pw0f3
https://gv.erinome.net/duels/log/w65l1b096
https://gv.erinome.net/duels/log/w9plfqss2
https://gv.erinome.net/duels/log/wak27xsaz
https://gv.erinome.net/duels/log/we64lk5c9
https://gv.erinome.net/duels/log/wljxq8wqg
https://gv.erinome.net/duels/log/x4h377azp
https://gv.erinome.net/duels/log/x4hg9gnw5
https://gv.erinome.net/duels/log/x4mj9fghr
https://gv.erinome.net/duels/log/xbt2r160h
https://gv.erinome.net/duels/log/xg6r9k2mt
https://gv.erinome.net/duels/log/y0wukx9m4
https://gv.erinome.net/duels/log/ym684shnk
https://gv.erinome.net/duels/log/ymsn7h57r
https://gv.erinome.net/duels/log/ytuy8wwjy
https://gv.erinome.net/duels/log/yyaw81g1m
https://gv.erinome.net/duels/log/z1z6aqlq8
https://gv.erinome.net/duels/log/z339l5a2h
https://gv.erinome.net/duels/log/z4nyqjxlm
https://gv.erinome.net/duels/log/z50l89zyk
https://gv.erinome.net/duels/log/z96rd19gb
https://gv.erinome.net/duels/log/zc5ss23fc
https://gv.erinome.net/duels/log/zcnaztkr4
https://gv.erinome.net/duels/log/zezh5at43
https://gv.erinome.net/duels/log/zg7g74fqh
https://gv.erinome.net/duels/log/zhflq1jwe
https://gv.erinome.net/duels/log/zrkr5p1qs
https://gv.erinome.net/duels/log/zt5xqw8pq
https://gv.erinome.net/duels/log/zzrj1w3p9
