https://godville.net/news
https://godville.net/superhero
https://godville.net/hero
https://godville.net/ideabox
https://godville.net/user/profile
https://godville.net/pantheon
https://godville.net/blog
https://wiki.godville.net/
https://godville.net/help
https://godville.net/blog/logout
https://godville.net/forums
https://godville.net/forums/show/1
http://gdvl.tk/duels/log/2u66l
https://godville.net/forums/show_topic/3584?page=44#
https://godville.net/forums/show_topic/3584?page=44#
https://godville.net/forums/topic_notify?topic_id=3584
https://godville.net/forums/topic_notify_stop?topic_id=3584
https://godville.net/forums/topic_push_start?topic_id=3584
https://godville.net/forums/show_topic/3584?page=43
https://godville.net/forums/show_topic/3584?page=1
https://godville.net/forums/show_topic/3584?page=2
https://godville.net/forums/show_topic/3584?page=25
https://godville.net/forums/show_topic/3584?page=26
https://godville.net/forums/show_topic/3584?page=27
https://godville.net/forums/show_topic/3584?page=28
https://godville.net/forums/show_topic/3584?page=29
https://godville.net/forums/show_topic/3584?page=30
https://godville.net/forums/show_topic/3584?page=31
https://godville.net/forums/show_topic/3584?page=32
https://godville.net/forums/show_topic/3584?page=33
https://godville.net/forums/show_topic/3584?page=34
https://godville.net/forums/show_topic/3584?page=35
https://godville.net/forums/show_topic/3584?page=36
https://godville.net/forums/show_topic/3584?page=37
https://godville.net/forums/show_topic/3584?page=38
https://godville.net/forums/show_topic/3584?page=39
https://godville.net/forums/show_topic/3584?page=40
https://godville.net/forums/show_topic/3584?page=41
https://godville.net/forums/show_topic/3584?page=42
https://godville.net/forums/show_topic/3584?page=43
https://godville.net/forums/show_topic/3584?page=45
https://godville.net/forums/show_topic/3584?page=45
https://godville.net/forums/show_topic/3584?page=44#
https://godville.net/gods/FirstEmblem
https://godville.net/forums/show_topic/3584?page=44#
https://godville.net/forums/show_topic/3584?page=44#
https://godville.net/gods/%D0%9C%D0%BE%D0%BB%D0%BE%D0%B4%D0%B0%D1%8F%20%D0%9A%D1%80%D0%BE%D0%B2%D1%8C
https://godville.net/forums/show_topic/3584?page=44#
https://godville.net/forums/show_topic/3584?page=44#
https://godville.net/gods/Ashara
https://godville.net/forums/show_topic/3584?page=44#
https://godville.net/forums/show_topic/3584?page=44#
https://godville.net/gods/Olegik1719
https://godville.net/forums/show_topic/3584?page=44#
https://godville.net/forums/redirect_to_post/3584?post=1196126
https://godville.net/forums/redirect_to_post/3584?post=1357297
https://wiki.godville.net/%D0%9A%D0%BD%D0%B8%D0%B3%D0%B0_%D1%80%D0%B5%D0%BA%D0%BE%D1%80%D0%B4%D0%BE%D0%B2_%D0%93%D0%BE%D0%B4%D0%B2%D0%B8%D0%BB%D0%BB%D1%8F#.D0.90.D1.80.D0.B5.D0.BD.D0.B0
https://godville.net/gods/Olegik1719
https://godville.net/forums/show_topic/3584?page=44#
https://godville.net/gods/%D0%90%D0%BB%D0%BA%D0%B0%D0%BB%D0%B8%D0%BD
https://godville.net/forums/show_topic/3584?page=44#
https://godville.net/forums/show_topic/3584?page=44#
https://godville.net/gods/Olegik1719
https://godville.net/forums/show_topic/3584?page=44#
https://godville.net/forums/redirect_to_post/3584?post=1198559
https://godville.net/forums/show_topic/3584?page=44#
https://godville.net/gods/%D0%9A%D1%80%D0%B0%D1%81%D0%B0%D0%B2%D0%B8%D1%86%D0%B0
https://godville.net/forums/show_topic/3584?page=44#
https://godville.net/forums/show_topic/3584?page=44#
https://godville.net/gods/Olegik1719
https://godville.net/forums/show_topic/3584?page=44#
https://godville.net/duels/log/e183mbz38
https://godville.net/forums/show_topic/3584?page=44#
https://godville.net/gods/Olegik1719
https://godville.net/forums/show_topic/3584?page=44#
https://godville.net/forums/redirect_to_post/3584?post=1513202
https://godville.net/forums/redirect_to_post/3584?post=1513202
https://godville.net/forums/show_topic/3584?page=44#
https://godville.net/gods/%D0%90%D1%80%D1%8D%D0%BC%D0%B8%D0%B4%D0%B0
https://godville.net/forums/show_topic/3584?page=44#
https://godville.net/forums/show_topic/3584?page=44#
https://godville.net/gods/Olegik1719
https://godville.net/forums/show_topic/3584?page=44#
https://godville.net/forums/show_topic/3584?page=44#
https://godville.net/gods/%D0%9B%D0%B8%D1%82%D1%8C
https://godville.net/forums/show_topic/3584?page=44#
https://godville.net/duels/log/e5gqnl9cf
https://godville.net/forums/show_topic/3584?page=44#
https://godville.net/gods/%D0%90%D0%BB%D0%BA%D0%B0%D0%BB%D0%B8%D0%BD
https://godville.net/forums/show_topic/3584?page=44#
https://godville.net/forums/show_topic/3584?page=44#
https://godville.net/gods/%D0%9A%D0%BE%D1%88%D0%BC%D0%B0%D1%80%D0%BD%D0%B0%D1%8F%20%D0%A0%D0%B0%D1%81%D0%BA%D1%80%D0%B0%D1%81%D0%BA%D0%B0
https://godville.net/forums/show_topic/3584?page=44#
https://godville.net/duels/log/1ststka5z
https://godville.net/forums/show_topic/3584?page=44#
https://godville.net/gods/%D0%9B%D0%B8%D1%82%D1%8C
https://godville.net/forums/show_topic/3584?page=44#
https://godville.net/duels/log/lmtrl5lhs?sort=desc
https://godville.net/forums/show_topic/3584?page=44#
https://godville.net/gods/%D0%9A%D0%B2%D0%B0%D0%BD%D1%82%D0%BE%D0%B2%D1%8B%D0%B9%20%D0%9A%D0%BE%D1%82%D0%B5%D0%B9%D0%BA%D0%B0
https://godville.net/forums/show_topic/3584?page=44#
http://godville.net/duels/log/pghtu8e7b
https://godville.net/forums/show_topic/3584?page=44#
https://godville.net/gods/%D0%9F%D1%80%D0%BE%D1%81%D1%82%D0%BE%20%D0%91%D0%BE%D0%B3%D0%B8%D0%BD%D1%8F
https://godville.net/forums/show_topic/3584?page=44#
http://godville.net/duels/log/0xrszpgzj
https://godville.net/forums/show_topic/3584?page=44#
https://godville.net/gods/Olegik1719
https://godville.net/forums/show_topic/3584?page=44#
https://godville.net/forums/show_topic/3584?page=44#
https://godville.net/gods/%D0%A8%D0%B8%D0%B0%D1%80%D0%B0
https://godville.net/forums/show_topic/3584?page=44#
https://godville.net/duels/log/t804u2mdj
https://godville.net/duels/log/u9rx57p9q
https://godville.net/forums/show_topic/3584?page=44#
https://godville.net/gods/Soul%20Hanter
https://godville.net/forums/show_topic/3584?page=44#
https://godville.net/forums/show_topic/3584?page=44#
https://godville.net/gods/%D0%93%D0%B8%D0%B3%D0%B0%D0%BD%D1%82%D1%81%D0%BA%D0%B0%D1%8F%20%D0%A4%D0%BB%D1%8E%D0%BA%D1%82%D1%83%D0%B0%D1%86%D0%B8%D1%8F
https://godville.net/forums/show_topic/3584?page=44#
https://gv.erinome.net/duels/log/3pd4bpwhq
https://gv.erinome.net/duels/log/lka0t1cqq
https://gv.erinome.net/duels/log/jdxn1antk
https://gv.erinome.net/duels/log/4x29sc7kc
https://gv.erinome.net/duels/log/s2td203m6
https://gv.erinome.net/duels/log/d5n13r3nc
https://godville.net/forums/show_topic/3584?page=44#
https://godville.net/gods/%D0%93%D0%B5%D0%BB%D0%B5%D0%BD%D0%B0453
https://godville.net/forums/show_topic/3584?page=44#
http://godville.net/duels/log/qda3cpbj7
http://godville.net/duels/log/nys4cfktl
https://godville.net/duels/log/ka3sb5j3d
https://godville.net/forums/show_topic/3584?page=44#
https://godville.net/gods/%D0%90%D1%82%D1%8C%D1%8F%D0%BD%D1%82%D0%B0%D0%BC
https://godville.net/forums/show_topic/3584?page=44#
https://godville.net/duels/log/2nm6tx0ah
https://gv.erinome.net/duels/log/2nm6tx0ah
https://godville.net/duels/log/2sazfh5dp
https://gv.erinome.net/duels/log/2sazfh5dp
https://godville.net/duels/log/51wp0j85b
https://gv.erinome.net/duels/log/51wp0j85b
https://godville.net/duels/log/w9plfqss2
https://gv.erinome.net/duels/log/w9plfqss2
https://godville.net/forums/show_topic/3584?page=44#
https://godville.net/gods/Olegik1719
https://godville.net/forums/show_topic/3584?page=44#
https://godville.net/forums/show_topic/3584?page=44#
https://godville.net/gods/%D0%90%D1%80%D1%8D%D0%BC%D0%B8%D0%B4%D0%B0
https://godville.net/forums/show_topic/3584?page=44#
https://godville.net/duels/log/2jm2nrjl
https://godville.net/duels/log/pcb4gygk9
https://godville.net/duels/log/86xm5x88g
https://godville.net/forums/show_topic/3584?page=43
https://godville.net/forums/show_topic/3584?page=1
https://godville.net/forums/show_topic/3584?page=2
https://godville.net/forums/show_topic/3584?page=25
https://godville.net/forums/show_topic/3584?page=26
https://godville.net/forums/show_topic/3584?page=27
https://godville.net/forums/show_topic/3584?page=28
https://godville.net/forums/show_topic/3584?page=29
https://godville.net/forums/show_topic/3584?page=30
https://godville.net/forums/show_topic/3584?page=31
https://godville.net/forums/show_topic/3584?page=32
https://godville.net/forums/show_topic/3584?page=33
https://godville.net/forums/show_topic/3584?page=34
https://godville.net/forums/show_topic/3584?page=35
https://godville.net/forums/show_topic/3584?page=36
https://godville.net/forums/show_topic/3584?page=37
https://godville.net/forums/show_topic/3584?page=38
https://godville.net/forums/show_topic/3584?page=39
https://godville.net/forums/show_topic/3584?page=40
https://godville.net/forums/show_topic/3584?page=41
https://godville.net/forums/show_topic/3584?page=42
https://godville.net/forums/show_topic/3584?page=43
https://godville.net/forums/show_topic/3584?page=45
https://godville.net/forums/show_topic/3584?page=45
https://godville.net/forums/show_topic/3584?page=44#
https://godville.net/forums/show_topic/3584?page=44#
https://godville.net/forums/show_topic/3584?page=44#
https://godville.net/forums/show_topic/3584?page=44#
https://godville.net/login/rules
https://godville.net/forums
https://godville.net/forums/show/1
https://godville.net/forums/show_topic/3584?page=44#
https://godville.net/forums/show/1/#guip_subscriptions
https://godville.net/news
https://godville.net/superhero
https://godville.net/hero
https://godville.net/ideabox
https://godville.net/user/profile
https://godville.net/pantheon
https://godville.net/blog
https://wiki.godville.net/
https://godville.net/help
https://godville.net/blog/logout
https://godville.net/forums
https://godville.net/forums/show/1
https://godville.net/forums/show_topic/3584?page=45#
https://godville.net/forums/show_topic/3584?page=45#
https://godville.net/forums/topic_notify?topic_id=3584
https://godville.net/forums/topic_notify_stop?topic_id=3584
https://godville.net/forums/topic_push_start?topic_id=3584
https://godville.net/forums/show_topic/3584?page=44
https://godville.net/forums/show_topic/3584?page=1
https://godville.net/forums/show_topic/3584?page=2
https://godville.net/forums/show_topic/3584?page=25
https://godville.net/forums/show_topic/3584?page=26
https://godville.net/forums/show_topic/3584?page=27
https://godville.net/forums/show_topic/3584?page=28
https://godville.net/forums/show_topic/3584?page=29
https://godville.net/forums/show_topic/3584?page=30
https://godville.net/forums/show_topic/3584?page=31
https://godville.net/forums/show_topic/3584?page=32
https://godville.net/forums/show_topic/3584?page=33
https://godville.net/forums/show_topic/3584?page=34
https://godville.net/forums/show_topic/3584?page=35
https://godville.net/forums/show_topic/3584?page=36
https://godville.net/forums/show_topic/3584?page=37
https://godville.net/forums/show_topic/3584?page=38
https://godville.net/forums/show_topic/3584?page=39
https://godville.net/forums/show_topic/3584?page=40
https://godville.net/forums/show_topic/3584?page=41
https://godville.net/forums/show_topic/3584?page=42
https://godville.net/forums/show_topic/3584?page=43
https://godville.net/forums/show_topic/3584?page=44
https://godville.net/forums/show_topic/3584?page=45#
https://godville.net/gods/%D0%9A%D0%B2%D0%B0%D0%BD%D1%82%D0%BE%D0%B2%D1%8B%D0%B9%20%D0%9A%D0%BE%D1%82%D0%B5%D0%B9%D0%BA%D0%B0
https://godville.net/forums/show_topic/3584?page=45#
http://godville.net/duels/log/08263m8f6
https://godville.net/forums/show_topic/3584?page=45#
https://godville.net/gods/Maxriter
https://godville.net/forums/show_topic/3584?page=45#
https://godville.net/duels/log/14nyesld5
https://godville.net/forums/show_topic/3584?page=45#
https://godville.net/gods/%D0%9A%D0%BE%D1%88%D0%BC%D0%B0%D1%80%D0%BD%D0%B0%D1%8F%20%D0%A0%D0%B0%D1%81%D0%BA%D1%80%D0%B0%D1%81%D0%BA%D0%B0
https://godville.net/forums/show_topic/3584?page=45#
https://godville.net/duels/log/1ststka5z
https://godville.net/forums/redirect_to_post/3584?post=1514540
https://godville.net/duels/log/5ljx99z68
https://godville.net/duels/log/nq0atdz52
https://godville.net/duels/log/y0wukx9m4
https://godville.net/forums/show_topic/3584?page=45#
https://godville.net/gods/%D0%92%D0%B8%D0%BA%D1%82%D0%BE%D1%80%20%D0%93%D1%83%D0%BC%D0%B0%D0%BD%D0%B8%D1%81%D1%82
https://godville.net/forums/show_topic/3584?page=45#
https://gv.erinome.net/duels/log/247e7lkek
https://gv.erinome.net/duels/log/j5t4hergc
https://gv.erinome.net/duels/log/s85rlmnxg
https://godville.net/forums/show_topic/3584?page=45#
https://godville.net/gods/%D0%A4%D1%80%D0%B0%D0%BD%D1%81%D0%B8%D1%81%D0%BA%D0%BE
https://godville.net/forums/show_topic/3584?page=45#
https://gv.erinome.net/duels/log/3pd4bpwhq
https://gv.erinome.net/duels/log/w5y6pw0f3
https://gv.erinome.net/duels/log/tdng0dmqj
https://gv.erinome.net/duels/log/gpk4j6abt
https://gv.erinome.net/duels/log/d5n13r3nc
https://gv.erinome.net/duels/log/n85c5rqbl
https://godville.net/forums/show_topic/3584?page=45#
https://godville.net/gods/%D0%9A%D0%B2%D0%B0%D0%BD%D1%82%D0%BE%D0%B2%D1%8B%D0%B9%20%D0%9A%D0%BE%D1%82%D0%B5%D0%B9%D0%BA%D0%B0
https://godville.net/forums/show_topic/3584?page=45#
http://godville.net/duels/log/z4nyqjxlm
https://godville.net/forums/show_topic/3584?page=45#
https://godville.net/gods/Olegik1719
https://godville.net/forums/show_topic/3584?page=45#
https://godville.net/duels/log/e183mbz38
https://godville.net/duels/log/hwz7uzsmg
https://godville.net/duels/log/f3suw1xub
https://godville.net/duels/log/sa43fsfdl
https://godville.net/forums/show_topic/3584?page=45#
https://godville.net/gods/%D0%9B%D0%B8%D1%82%D1%8C
https://godville.net/forums/show_topic/3584?page=45#
https://godville.net/duels/log/8b4t571z9
https://godville.net/duels/log/ty0msxxj8
https://godville.net/forums/show_topic/3584?page=45#
https://godville.net/gods/%D0%91%D0%BE%D1%85%20%D0%9D%D0%B5%20%D0%9E%D1%87%D0%B8%D0%BD%D1%8C%20%D0%92%D0%B5%D0%BB%D0%B8%D0%BA%D0%B8%D0%B9
https://godville.net/forums/show_topic/3584?page=45#
https://gv.erinome.net/duels/log/k2rukzzdh
https://godville.net/forums/show_topic/3584?page=44
https://godville.net/forums/show_topic/3584?page=1
https://godville.net/forums/show_topic/3584?page=2
https://godville.net/forums/show_topic/3584?page=25
https://godville.net/forums/show_topic/3584?page=26
https://godville.net/forums/show_topic/3584?page=27
https://godville.net/forums/show_topic/3584?page=28
https://godville.net/forums/show_topic/3584?page=29
https://godville.net/forums/show_topic/3584?page=30
https://godville.net/forums/show_topic/3584?page=31
https://godville.net/forums/show_topic/3584?page=32
https://godville.net/forums/show_topic/3584?page=33
https://godville.net/forums/show_topic/3584?page=34
https://godville.net/forums/show_topic/3584?page=35
https://godville.net/forums/show_topic/3584?page=36
https://godville.net/forums/show_topic/3584?page=37
https://godville.net/forums/show_topic/3584?page=38
https://godville.net/forums/show_topic/3584?page=39
https://godville.net/forums/show_topic/3584?page=40
https://godville.net/forums/show_topic/3584?page=41
https://godville.net/forums/show_topic/3584?page=42
https://godville.net/forums/show_topic/3584?page=43
https://godville.net/forums/show_topic/3584?page=44
https://godville.net/forums/show_topic/3584?page=45#
https://godville.net/forums/show_topic/3584?page=45#
https://godville.net/forums/show_topic/3584?page=45#
https://godville.net/forums/show_topic/3584?page=45#
https://godville.net/login/rules
https://godville.net/forums
https://godville.net/forums/show/1
https://godville.net/forums/show_topic/3584?page=45#
https://godville.net/forums/show/1/#guip_subscriptions
https://godville.net/news
https://godville.net/superhero
https://godville.net/hero
https://godville.net/ideabox
https://godville.net/user/profile
https://godville.net/pantheon
https://godville.net/blog
https://wiki.godville.net/
https://godville.net/help
https://godville.net/blog/logout
https://godville.net/forums
https://godville.net/forums/show/1
https://godville.net/forums/show_topic/3584?page=45#
https://godville.net/forums/show_topic/3584?page=45#
https://godville.net/forums/topic_notify?topic_id=3584
https://godville.net/forums/topic_notify_stop?topic_id=3584
https://godville.net/forums/topic_push_start?topic_id=3584
https://godville.net/forums/show_topic/3584?page=44
https://godville.net/forums/show_topic/3584?page=1
https://godville.net/forums/show_topic/3584?page=2
https://godville.net/forums/show_topic/3584?page=25
https://godville.net/forums/show_topic/3584?page=26
https://godville.net/forums/show_topic/3584?page=27
https://godville.net/forums/show_topic/3584?page=28
https://godville.net/forums/show_topic/3584?page=29
https://godville.net/forums/show_topic/3584?page=30
https://godville.net/forums/show_topic/3584?page=31
https://godville.net/forums/show_topic/3584?page=32
https://godville.net/forums/show_topic/3584?page=33
https://godville.net/forums/show_topic/3584?page=34
https://godville.net/forums/show_topic/3584?page=35
https://godville.net/forums/show_topic/3584?page=36
https://godville.net/forums/show_topic/3584?page=37
https://godville.net/forums/show_topic/3584?page=38
https://godville.net/forums/show_topic/3584?page=39
https://godville.net/forums/show_topic/3584?page=40
https://godville.net/forums/show_topic/3584?page=41
https://godville.net/forums/show_topic/3584?page=42
https://godville.net/forums/show_topic/3584?page=43
https://godville.net/forums/show_topic/3584?page=44
https://godville.net/forums/show_topic/3584?page=45#
https://godville.net/gods/%D0%9A%D0%B2%D0%B0%D0%BD%D1%82%D0%BE%D0%B2%D1%8B%D0%B9%20%D0%9A%D0%BE%D1%82%D0%B5%D0%B9%D0%BA%D0%B0
https://godville.net/forums/show_topic/3584?page=45#
http://godville.net/duels/log/08263m8f6
https://godville.net/forums/show_topic/3584?page=45#
https://godville.net/gods/Maxriter
https://godville.net/forums/show_topic/3584?page=45#
https://godville.net/duels/log/14nyesld5
https://godville.net/forums/show_topic/3584?page=45#
https://godville.net/gods/%D0%9A%D0%BE%D1%88%D0%BC%D0%B0%D1%80%D0%BD%D0%B0%D1%8F%20%D0%A0%D0%B0%D1%81%D0%BA%D1%80%D0%B0%D1%81%D0%BA%D0%B0
https://godville.net/forums/show_topic/3584?page=45#
https://godville.net/duels/log/1ststka5z
https://godville.net/forums/redirect_to_post/3584?post=1514540
https://godville.net/duels/log/5ljx99z68
https://godville.net/duels/log/nq0atdz52
https://godville.net/duels/log/y0wukx9m4
https://godville.net/forums/show_topic/3584?page=45#
https://godville.net/gods/%D0%92%D0%B8%D0%BA%D1%82%D0%BE%D1%80%20%D0%93%D1%83%D0%BC%D0%B0%D0%BD%D0%B8%D1%81%D1%82
https://godville.net/forums/show_topic/3584?page=45#
https://gv.erinome.net/duels/log/247e7lkek
https://gv.erinome.net/duels/log/j5t4hergc
https://gv.erinome.net/duels/log/s85rlmnxg
https://godville.net/forums/show_topic/3584?page=45#
https://godville.net/gods/%D0%A4%D1%80%D0%B0%D0%BD%D1%81%D0%B8%D1%81%D0%BA%D0%BE
https://godville.net/forums/show_topic/3584?page=45#
https://gv.erinome.net/duels/log/3pd4bpwhq
https://gv.erinome.net/duels/log/w5y6pw0f3
https://gv.erinome.net/duels/log/tdng0dmqj
https://gv.erinome.net/duels/log/gpk4j6abt
https://gv.erinome.net/duels/log/d5n13r3nc
https://gv.erinome.net/duels/log/n85c5rqbl
https://godville.net/forums/show_topic/3584?page=45#
https://godville.net/gods/%D0%9A%D0%B2%D0%B0%D0%BD%D1%82%D0%BE%D0%B2%D1%8B%D0%B9%20%D0%9A%D0%BE%D1%82%D0%B5%D0%B9%D0%BA%D0%B0
https://godville.net/forums/show_topic/3584?page=45#
http://godville.net/duels/log/z4nyqjxlm
https://godville.net/forums/show_topic/3584?page=45#
https://godville.net/gods/Olegik1719
https://godville.net/forums/show_topic/3584?page=45#
https://godville.net/duels/log/e183mbz38
https://godville.net/duels/log/hwz7uzsmg
https://godville.net/duels/log/f3suw1xub
https://godville.net/duels/log/sa43fsfdl
https://godville.net/forums/show_topic/3584?page=45#
https://godville.net/gods/%D0%9B%D0%B8%D1%82%D1%8C
https://godville.net/forums/show_topic/3584?page=45#
https://godville.net/duels/log/8b4t571z9
https://godville.net/duels/log/ty0msxxj8
https://godville.net/forums/show_topic/3584?page=45#
https://godville.net/gods/%D0%91%D0%BE%D1%85%20%D0%9D%D0%B5%20%D0%9E%D1%87%D0%B8%D0%BD%D1%8C%20%D0%92%D0%B5%D0%BB%D0%B8%D0%BA%D0%B8%D0%B9
https://godville.net/forums/show_topic/3584?page=45#
https://gv.erinome.net/duels/log/k2rukzzdh
https://godville.net/forums/show_topic/3584?page=45#
https://godville.net/gods/%D0%90%D1%80%D1%8D%D0%BC%D0%B8%D0%B4%D0%B0
https://godville.net/forums/show_topic/3584?page=45#
https://godville.net/duels/log/2jm2nrjlr
https://godville.net/duels/log/x4hg9gnw5
https://godville.net/duels/log/fwzffza9h
https://godville.net/forums/show_topic/3584?page=45#
https://godville.net/gods/Mikiko
https://godville.net/forums/show_topic/3584?page=45#
https://godville.net/duels/log/qme3djql7
https://godville.net/duels/log/xg6r9k2mt
https://godville.net/forums/show_topic/3584?page=44
https://godville.net/forums/show_topic/3584?page=1
https://godville.net/forums/show_topic/3584?page=2
https://godville.net/forums/show_topic/3584?page=25
https://godville.net/forums/show_topic/3584?page=26
https://godville.net/forums/show_topic/3584?page=27
https://godville.net/forums/show_topic/3584?page=28
https://godville.net/forums/show_topic/3584?page=29
https://godville.net/forums/show_topic/3584?page=30
https://godville.net/forums/show_topic/3584?page=31
https://godville.net/forums/show_topic/3584?page=32
https://godville.net/forums/show_topic/3584?page=33
https://godville.net/forums/show_topic/3584?page=34
https://godville.net/forums/show_topic/3584?page=35
https://godville.net/forums/show_topic/3584?page=36
https://godville.net/forums/show_topic/3584?page=37
https://godville.net/forums/show_topic/3584?page=38
https://godville.net/forums/show_topic/3584?page=39
https://godville.net/forums/show_topic/3584?page=40
https://godville.net/forums/show_topic/3584?page=41
https://godville.net/forums/show_topic/3584?page=42
https://godville.net/forums/show_topic/3584?page=43
https://godville.net/forums/show_topic/3584?page=44
https://godville.net/forums/show_topic/3584?page=45#
https://godville.net/forums/show_topic/3584?page=45#
https://godville.net/forums/show_topic/3584?page=45#
https://godville.net/forums/show_topic/3584?page=45#
https://godville.net/login/rules
https://godville.net/forums
https://godville.net/forums/show/1
https://godville.net/forums/show_topic/3584?page=45#
https://godville.net/forums/show/1/#guip_subscriptions
https://godville.net/news
https://godville.net/superhero
https://godville.net/hero
https://godville.net/ideabox
https://godville.net/user/profile
https://godville.net/pantheon
https://godville.net/blog
https://wiki.godville.net/
https://godville.net/help
https://godville.net/blog/logout
https://godville.net/forums
https://godville.net/forums/show/1
https://godville.net/forums/show_topic/3584?page=45#
https://godville.net/forums/show_topic/3584?page=45#
https://godville.net/forums/topic_notify?topic_id=3584
https://godville.net/forums/topic_notify_stop?topic_id=3584
https://godville.net/forums/topic_push_start?topic_id=3584
https://godville.net/forums/show_topic/3584?page=44
https://godville.net/forums/show_topic/3584?page=1
https://godville.net/forums/show_topic/3584?page=2
https://godville.net/forums/show_topic/3584?page=25
https://godville.net/forums/show_topic/3584?page=26
https://godville.net/forums/show_topic/3584?page=27
https://godville.net/forums/show_topic/3584?page=28
https://godville.net/forums/show_topic/3584?page=29
https://godville.net/forums/show_topic/3584?page=30
https://godville.net/forums/show_topic/3584?page=31
https://godville.net/forums/show_topic/3584?page=32
https://godville.net/forums/show_topic/3584?page=33
https://godville.net/forums/show_topic/3584?page=34
https://godville.net/forums/show_topic/3584?page=35
https://godville.net/forums/show_topic/3584?page=36
https://godville.net/forums/show_topic/3584?page=37
https://godville.net/forums/show_topic/3584?page=38
https://godville.net/forums/show_topic/3584?page=39
https://godville.net/forums/show_topic/3584?page=40
https://godville.net/forums/show_topic/3584?page=41
https://godville.net/forums/show_topic/3584?page=42
https://godville.net/forums/show_topic/3584?page=43
https://godville.net/forums/show_topic/3584?page=44
https://godville.net/forums/show_topic/3584?page=45#
https://godville.net/gods/%D0%9A%D0%B2%D0%B0%D0%BD%D1%82%D0%BE%D0%B2%D1%8B%D0%B9%20%D0%9A%D0%BE%D1%82%D0%B5%D0%B9%D0%BA%D0%B0
https://godville.net/forums/show_topic/3584?page=45#
http://godville.net/duels/log/08263m8f6
https://godville.net/forums/show_topic/3584?page=45#
https://godville.net/gods/Maxriter
https://godville.net/forums/show_topic/3584?page=45#
https://godville.net/duels/log/14nyesld5
https://godville.net/forums/show_topic/3584?page=45#
https://godville.net/gods/%D0%9A%D0%BE%D1%88%D0%BC%D0%B0%D1%80%D0%BD%D0%B0%D1%8F%20%D0%A0%D0%B0%D1%81%D0%BA%D1%80%D0%B0%D1%81%D0%BA%D0%B0
https://godville.net/forums/show_topic/3584?page=45#
https://godville.net/duels/log/1ststka5z
https://godville.net/forums/redirect_to_post/3584?post=1514540
https://godville.net/duels/log/5ljx99z68
https://godville.net/duels/log/nq0atdz52
https://godville.net/duels/log/y0wukx9m4
https://godville.net/forums/show_topic/3584?page=45#
https://godville.net/gods/%D0%92%D0%B8%D0%BA%D1%82%D0%BE%D1%80%20%D0%93%D1%83%D0%BC%D0%B0%D0%BD%D0%B8%D1%81%D1%82
https://godville.net/forums/show_topic/3584?page=45#
https://gv.erinome.net/duels/log/247e7lkek
https://gv.erinome.net/duels/log/j5t4hergc
https://gv.erinome.net/duels/log/s85rlmnxg
https://godville.net/forums/show_topic/3584?page=45#
https://godville.net/gods/%D0%A4%D1%80%D0%B0%D0%BD%D1%81%D0%B8%D1%81%D0%BA%D0%BE
https://godville.net/forums/show_topic/3584?page=45#
https://gv.erinome.net/duels/log/3pd4bpwhq
https://gv.erinome.net/duels/log/w5y6pw0f3
https://gv.erinome.net/duels/log/tdng0dmqj
https://gv.erinome.net/duels/log/gpk4j6abt
https://gv.erinome.net/duels/log/d5n13r3nc
https://gv.erinome.net/duels/log/n85c5rqbl
https://godville.net/forums/show_topic/3584?page=45#
https://godville.net/gods/%D0%9A%D0%B2%D0%B0%D0%BD%D1%82%D0%BE%D0%B2%D1%8B%D0%B9%20%D0%9A%D0%BE%D1%82%D0%B5%D0%B9%D0%BA%D0%B0
https://godville.net/forums/show_topic/3584?page=45#
http://godville.net/duels/log/z4nyqjxlm
https://godville.net/forums/show_topic/3584?page=45#
https://godville.net/gods/Olegik1719
https://godville.net/forums/show_topic/3584?page=45#
https://godville.net/duels/log/e183mbz38
https://godville.net/duels/log/hwz7uzsmg
https://godville.net/duels/log/f3suw1xub
https://godville.net/duels/log/sa43fsfdl
https://godville.net/forums/show_topic/3584?page=45#
https://godville.net/gods/%D0%9B%D0%B8%D1%82%D1%8C
https://godville.net/forums/show_topic/3584?page=45#
https://godville.net/duels/log/8b4t571z9
https://godville.net/duels/log/ty0msxxj8
https://godville.net/forums/show_topic/3584?page=45#
https://godville.net/gods/%D0%91%D0%BE%D1%85%20%D0%9D%D0%B5%20%D0%9E%D1%87%D0%B8%D0%BD%D1%8C%20%D0%92%D0%B5%D0%BB%D0%B8%D0%BA%D0%B8%D0%B9
https://godville.net/forums/show_topic/3584?page=45#
https://gv.erinome.net/duels/log/k2rukzzdh
https://godville.net/forums/show_topic/3584?page=45#
https://godville.net/gods/%D0%90%D1%80%D1%8D%D0%BC%D0%B8%D0%B4%D0%B0
https://godville.net/forums/show_topic/3584?page=45#
https://godville.net/duels/log/2jm2nrjlr
https://godville.net/duels/log/x4hg9gnw5
https://godville.net/duels/log/fwzffza9h
https://godville.net/forums/show_topic/3584?page=45#
https://godville.net/gods/Mikiko
https://godville.net/forums/show_topic/3584?page=45#
https://godville.net/duels/log/qme3djql7
https://godville.net/duels/log/xg6r9k2mt
https://godville.net/forums/show_topic/3584?page=45#
https://godville.net/gods/%D0%90%D0%BB%D0%BA%D0%B0%D0%BB%D0%B8%D0%BD
https://godville.net/forums/show_topic/3584?page=45#
https://godville.net/duels/log/e2geyhwr6
https://godville.net/duels/log/zt5xqw8pq
https://godville.net/duels/log/2zpct1pj9
https://godville.net/duels/log/rktlryd5x
https://godville.net/duels/log/0whq02fwc
https://godville.net/duels/log/lggcbg0ml
https://godville.net/duels/log/7tnkeu9t5
https://godville.net/duels/log/ep2tzr4nr
https://godville.net/forums/show_topic/3584?page=44
https://godville.net/forums/show_topic/3584?page=1
https://godville.net/forums/show_topic/3584?page=2
https://godville.net/forums/show_topic/3584?page=25
https://godville.net/forums/show_topic/3584?page=26
https://godville.net/forums/show_topic/3584?page=27
https://godville.net/forums/show_topic/3584?page=28
https://godville.net/forums/show_topic/3584?page=29
https://godville.net/forums/show_topic/3584?page=30
https://godville.net/forums/show_topic/3584?page=31
https://godville.net/forums/show_topic/3584?page=32
https://godville.net/forums/show_topic/3584?page=33
https://godville.net/forums/show_topic/3584?page=34
https://godville.net/forums/show_topic/3584?page=35
https://godville.net/forums/show_topic/3584?page=36
https://godville.net/forums/show_topic/3584?page=37
https://godville.net/forums/show_topic/3584?page=38
https://godville.net/forums/show_topic/3584?page=39
https://godville.net/forums/show_topic/3584?page=40
https://godville.net/forums/show_topic/3584?page=41
https://godville.net/forums/show_topic/3584?page=42
https://godville.net/forums/show_topic/3584?page=43
https://godville.net/forums/show_topic/3584?page=44
https://godville.net/forums/show_topic/3584?page=45#
https://godville.net/forums/show_topic/3584?page=45#
https://godville.net/forums/show_topic/3584?page=45#
https://godville.net/forums/show_topic/3584?page=45#
https://godville.net/login/rules
https://godville.net/forums
https://godville.net/forums/show/1
https://godville.net/forums/show_topic/3584?page=45#
https://godville.net/forums/show/1/#guip_subscriptions
https://godville.net/news
https://godville.net/superhero
https://godville.net/hero
https://godville.net/ideabox
https://godville.net/user/profile
https://godville.net/pantheon
https://godville.net/blog
https://wiki.godville.net/
https://godville.net/help
https://godville.net/blog/logout
https://godville.net/forums
https://godville.net/forums/show/1
https://godville.net/forums/show_topic/3584?page=45#
https://godville.net/forums/show_topic/3584?page=45#
https://godville.net/forums/topic_notify?topic_id=3584
https://godville.net/forums/topic_notify_stop?topic_id=3584
https://godville.net/forums/topic_push_start?topic_id=3584
https://godville.net/forums/show_topic/3584?page=44
https://godville.net/forums/show_topic/3584?page=1
https://godville.net/forums/show_topic/3584?page=2
https://godville.net/forums/show_topic/3584?page=25
https://godville.net/forums/show_topic/3584?page=26
https://godville.net/forums/show_topic/3584?page=27
https://godville.net/forums/show_topic/3584?page=28
https://godville.net/forums/show_topic/3584?page=29
https://godville.net/forums/show_topic/3584?page=30
https://godville.net/forums/show_topic/3584?page=31
https://godville.net/forums/show_topic/3584?page=32
https://godville.net/forums/show_topic/3584?page=33
https://godville.net/forums/show_topic/3584?page=34
https://godville.net/forums/show_topic/3584?page=35
https://godville.net/forums/show_topic/3584?page=36
https://godville.net/forums/show_topic/3584?page=37
https://godville.net/forums/show_topic/3584?page=38
https://godville.net/forums/show_topic/3584?page=39
https://godville.net/forums/show_topic/3584?page=40
https://godville.net/forums/show_topic/3584?page=41
https://godville.net/forums/show_topic/3584?page=42
https://godville.net/forums/show_topic/3584?page=43
https://godville.net/forums/show_topic/3584?page=44
https://godville.net/forums/show_topic/3584?page=45#
https://godville.net/gods/%D0%9A%D0%B2%D0%B0%D0%BD%D1%82%D0%BE%D0%B2%D1%8B%D0%B9%20%D0%9A%D0%BE%D1%82%D0%B5%D0%B9%D0%BA%D0%B0
https://godville.net/forums/show_topic/3584?page=45#
http://godville.net/duels/log/08263m8f6
https://godville.net/forums/show_topic/3584?page=45#
https://godville.net/gods/Maxriter
https://godville.net/forums/show_topic/3584?page=45#
https://godville.net/duels/log/14nyesld5
https://godville.net/forums/show_topic/3584?page=45#
https://godville.net/gods/%D0%9A%D0%BE%D1%88%D0%BC%D0%B0%D1%80%D0%BD%D0%B0%D1%8F%20%D0%A0%D0%B0%D1%81%D0%BA%D1%80%D0%B0%D1%81%D0%BA%D0%B0
https://godville.net/forums/show_topic/3584?page=45#
https://godville.net/duels/log/1ststka5z
https://godville.net/forums/redirect_to_post/3584?post=1514540
https://godville.net/duels/log/5ljx99z68
https://godville.net/duels/log/nq0atdz52
https://godville.net/duels/log/y0wukx9m4
https://godville.net/forums/show_topic/3584?page=45#
https://godville.net/gods/%D0%92%D0%B8%D0%BA%D1%82%D0%BE%D1%80%20%D0%93%D1%83%D0%BC%D0%B0%D0%BD%D0%B8%D1%81%D1%82
https://godville.net/forums/show_topic/3584?page=45#
https://gv.erinome.net/duels/log/247e7lkek
https://gv.erinome.net/duels/log/j5t4hergc
https://gv.erinome.net/duels/log/s85rlmnxg
https://godville.net/forums/show_topic/3584?page=45#
https://godville.net/gods/%D0%A4%D1%80%D0%B0%D0%BD%D1%81%D0%B8%D1%81%D0%BA%D0%BE
https://godville.net/forums/show_topic/3584?page=45#
https://gv.erinome.net/duels/log/3pd4bpwhq
https://gv.erinome.net/duels/log/w5y6pw0f3
https://gv.erinome.net/duels/log/tdng0dmqj
https://gv.erinome.net/duels/log/gpk4j6abt
https://gv.erinome.net/duels/log/d5n13r3nc
https://gv.erinome.net/duels/log/n85c5rqbl
https://godville.net/forums/show_topic/3584?page=45#
https://godville.net/gods/%D0%9A%D0%B2%D0%B0%D0%BD%D1%82%D0%BE%D0%B2%D1%8B%D0%B9%20%D0%9A%D0%BE%D1%82%D0%B5%D0%B9%D0%BA%D0%B0
https://godville.net/forums/show_topic/3584?page=45#
http://godville.net/duels/log/z4nyqjxlm
https://godville.net/forums/show_topic/3584?page=45#
https://godville.net/gods/Olegik1719
https://godville.net/forums/show_topic/3584?page=45#
https://godville.net/duels/log/e183mbz38
https://godville.net/duels/log/hwz7uzsmg
https://godville.net/duels/log/f3suw1xub
https://godville.net/duels/log/sa43fsfdl
https://godville.net/forums/show_topic/3584?page=45#
https://godville.net/gods/%D0%9B%D0%B8%D1%82%D1%8C
https://godville.net/forums/show_topic/3584?page=45#
https://godville.net/duels/log/8b4t571z9
https://godville.net/duels/log/ty0msxxj8
https://godville.net/forums/show_topic/3584?page=45#
https://godville.net/gods/%D0%91%D0%BE%D1%85%20%D0%9D%D0%B5%20%D0%9E%D1%87%D0%B8%D0%BD%D1%8C%20%D0%92%D0%B5%D0%BB%D0%B8%D0%BA%D0%B8%D0%B9
https://godville.net/forums/show_topic/3584?page=45#
https://gv.erinome.net/duels/log/k2rukzzdh
https://godville.net/forums/show_topic/3584?page=45#
https://godville.net/gods/%D0%90%D1%80%D1%8D%D0%BC%D0%B8%D0%B4%D0%B0
https://godville.net/forums/show_topic/3584?page=45#
https://godville.net/duels/log/2jm2nrjlr
https://godville.net/duels/log/x4hg9gnw5
https://godville.net/duels/log/fwzffza9h
https://godville.net/forums/show_topic/3584?page=45#
https://godville.net/gods/Mikiko
https://godville.net/forums/show_topic/3584?page=45#
https://godville.net/duels/log/qme3djql7
https://godville.net/duels/log/xg6r9k2mt
https://godville.net/forums/show_topic/3584?page=45#
https://godville.net/gods/%D0%90%D0%BB%D0%BA%D0%B0%D0%BB%D0%B8%D0%BD
https://godville.net/forums/show_topic/3584?page=45#
https://godville.net/duels/log/e2geyhwr6
https://godville.net/duels/log/zt5xqw8pq
https://godville.net/duels/log/2zpct1pj9
https://godville.net/duels/log/rktlryd5x
https://godville.net/duels/log/0whq02fwc
https://godville.net/duels/log/lggcbg0ml
https://godville.net/duels/log/7tnkeu9t5
https://godville.net/duels/log/ep2tzr4nr
https://godville.net/forums/show_topic/3584?page=45#
https://godville.net/gods/%D0%A8%D0%B8%D0%B0%D1%80%D0%B0
https://godville.net/forums/show_topic/3584?page=45#
https://godville.net/duels/log/s215gj8k2
https://godville.net/duels/log/z339l5a2h
https://godville.net/forums/show_topic/3584?page=45#
https://godville.net/gods/%D0%90%D1%82%D1%8C%D1%8F%D0%BD%D1%82%D0%B0%D0%BC
https://godville.net/forums/show_topic/3584?page=45#
https://godville.net/duels/log/24dah81xc
https://gv.erinome.net/duels/log/24dah81xc
https://godville.net/duels/log/lwtp5r0qr
https://gv.erinome.net/duels/log/lwtp5r0qr
https://godville.net/duels/log/p86bkcygy
https://gv.erinome.net/duels/log/p86bkcygy
https://godville.net/duels/log/ehd2kuls6
https://gv.erinome.net/duels/log/ehd2kuls6
https://godville.net/forums/show_topic/3584?page=45#
https://godville.net/gods/%D0%93%D0%B8%D0%B3%D0%B0%D0%BD%D1%82%D1%81%D0%BA%D0%B0%D1%8F%20%D0%A4%D0%BB%D1%8E%D0%BA%D1%82%D1%83%D0%B0%D1%86%D0%B8%D1%8F
https://godville.net/forums/show_topic/3584?page=45#
https://gv.erinome.net/duels/log/u8xt3xn0p
https://gv.erinome.net/duels/log/x4mj9fghr
https://gv.erinome.net/duels/log/76xmann37
https://gv.erinome.net/duels/log/cw9jb33hp
https://gv.erinome.net/duels/log/bm33kbf9z
https://gv.erinome.net/duels/log/zrkr5p1qs
https://godville.net/forums/show_topic/3584?page=45#
https://godville.net/gods/%D0%92%D0%B8%D0%BA%D1%82%D0%BE%D1%80%20%D0%93%D1%83%D0%BC%D0%B0%D0%BD%D0%B8%D1%81%D1%82
https://godville.net/forums/show_topic/3584?page=45#
https://gv.erinome.net/duels/log/gjlc92ch9
https://gv.erinome.net/duels/log/07jk2jdpq
https://gv.erinome.net/duels/log/9zyfl27m4
https://godville.net/forums/show_topic/3584?page=45#
https://godville.net/gods/%D0%9A%D0%BE%D1%88%D0%BC%D0%B0%D1%80%D0%BD%D0%B0%D1%8F%20%D0%A0%D0%B0%D1%81%D0%BA%D1%80%D0%B0%D1%81%D0%BA%D0%B0
https://godville.net/forums/show_topic/3584?page=45#
https://godville.net/duels/log/p4rcgp6q9
https://godville.net/duels/log/epl2kx1nr
https://godville.net/duels/log/r2scem8up
https://godville.net/duels/log/rnu961tfh
https://godville.net/forums/show_topic/3584?page=44
https://godville.net/forums/show_topic/3584?page=1
https://godville.net/forums/show_topic/3584?page=2
https://godville.net/forums/show_topic/3584?page=25
https://godville.net/forums/show_topic/3584?page=26
https://godville.net/forums/show_topic/3584?page=27
https://godville.net/forums/show_topic/3584?page=28
https://godville.net/forums/show_topic/3584?page=29
https://godville.net/forums/show_topic/3584?page=30
https://godville.net/forums/show_topic/3584?page=31
https://godville.net/forums/show_topic/3584?page=32
https://godville.net/forums/show_topic/3584?page=33
https://godville.net/forums/show_topic/3584?page=34
https://godville.net/forums/show_topic/3584?page=35
https://godville.net/forums/show_topic/3584?page=36
https://godville.net/forums/show_topic/3584?page=37
https://godville.net/forums/show_topic/3584?page=38
https://godville.net/forums/show_topic/3584?page=39
https://godville.net/forums/show_topic/3584?page=40
https://godville.net/forums/show_topic/3584?page=41
https://godville.net/forums/show_topic/3584?page=42
https://godville.net/forums/show_topic/3584?page=43
https://godville.net/forums/show_topic/3584?page=44
https://godville.net/forums/show_topic/3584?page=45#
https://godville.net/forums/show_topic/3584?page=45#
https://godville.net/forums/show_topic/3584?page=45#
https://godville.net/forums/show_topic/3584?page=45#
https://godville.net/login/rules
https://godville.net/forums
https://godville.net/forums/show/1
https://godville.net/forums/show_topic/3584?page=45#
https://godville.net/forums/show/1/#guip_subscriptions